  Γû▓ Next.js 14.2.35
  - Environments: .env

   Creating an optimized production build ...
 Γ£ô Compiled successfully
   Linting and checking validity of types ...
node.exe : 
At line:1 char:1
+ & "C:\Users\amank\Downloads\C\nodejs/node.exe" "C:\Users\amank\Downlo ...
+ ~~~~~~~~~~~~~~~~~~~~~~~~~~~~~~~~~~~~~~~~~~~~~~~~~~~~~~~~~~~~~~~~~~~~~
    + CategoryInfo          : NotSpecified: (:String) [], RemoteException
    + FullyQualifiedErrorId : NativeCommandError
 
Failed to compile.

./app/api/booth/route.ts
42:5  Warning: Unexpected console statement.  no-console

./app/api/chat/route.ts
33:13  Warning: Missing return type on function.  @typescript-eslint/explicit-function-return-type
56:11  Warning: Unexpected console statement.  no-console
57:25  Error: Unexpected any. Specify a different type.  @typescript-eslint/no-explicit-any
57:58  Error: Unexpected any. Specify a different type.  @typescript-eslint/no-explicit-any
75:5  Warning: Unexpected console statement.  no-console

./app/api/translate/route.ts
52:5  Warning: Unexpected console statement.  no-console

./app/api/vision/route.ts
51:5  Warning: Unexpected console statement.  no-console
52:31  Error: Unexpected any. Specify a different type.  @typescript-eslint/no-explicit-any

./app/components/ChatAssistant.tsx
53:43  Warning: Missing return type on function.  @typescript-eslint/explicit-function-return-type
65:38  Warning: Missing return type on function.  @typescript-eslint/explicit-function-return-type
66:34  Warning: Missing return type on function.  @typescript-eslint/explicit-function-return-type
70:31  Warning: Missing return type on function.  @typescript-eslint/explicit-function-return-type
85:7  Warning: Unexpected console statement.  no-console
98:36  Warning: Missing return type on function.  @typescript-eslint/explicit-function-return-type
99:5  Warning: Unexpected console statement.  no-console
118:32  Warning: Missing return type on function.  @typescript-eslint/explicit-function-return-type
123:30  Warning: Missing return type on function.  @typescript-eslint/explicit-function-return-type
127:42  Warning: Missing return type on function.  @typescript-eslint/explicit-function-return-type
128:9  Warning: Unexpected console statement.  no-console
130:11  Warning: Unexpected console statement.  no-console
138:43  Warning: Missing return type on function.  @typescript-eslint/explicit-function-return-type
152:57  Warning: Missing return type on function.  @typescript-eslint/explicit-function-return-type

./app/components/EligibilityWizard.tsx
8:20  Warning: Missing return type on function.  @typescript-eslint/explicit-function-return-type

./app/components/FormRenderer.tsx
9:26  Warning: Missing return type on function.  @typescript-eslint/explicit-function-return-type

./app/components/Header.tsx
14:34  Warning: Missing return type on function.  @typescript-eslint/explicit-function-return-type

./app/components/IDScanner.tsx
9:69  Warning: Missing return type on function.  @typescript-eslint/explicit-function-return-type
14:29  Warning: Missing return type on function.  @typescript-eslint/explicit-function-return-type
16:23  Warning: Missing return type on function.  @typescript-eslint/explicit-function-return-type
40:47  Warning: Missing return type on function.  @typescript-eslint/explicit-function-return-type

./app/components/OnboardingForm.tsx
52:41  Warning: Missing return type on function.  @typescript-eslint/explicit-function-return-type

./lib/translate.ts
42:5  Warning: Unexpected console statement.  no-console

info  - Need to disable some ESLint rules? Learn more here: 
https://nextjs.org/docs/basic-features/eslint#disabling-rules
